// Jest Snapshot v1, https://goo.gl/fbAQLP

exports[`Link changes the class when hovered 1`] = `
<button
  class="MuiButtonBase-root MuiButton-root MuiButton-outlined MuiButton-outlinedPrimary MuiButton-sizeMedium MuiButton-outlinedSizeMedium MuiButton-colorPrimary Mui-focusVisible MuiButton-root MuiButton-outlined MuiButton-outlinedPrimary MuiButton-sizeMedium MuiButton-outlinedSizeMedium MuiButton-colorPrimary sc-bczRLJ iiilXZ css-1rwt2y5-MuiButtonBase-root-MuiButton-root"
  tabindex="0"
  type="button"
>
  <span
    class="MuiButton-icon MuiButton-startIcon MuiButton-iconSizeMedium css-1d6wzja-MuiButton-startIcon"
  >
    <h2
      class="sc-gsnTZi llLRgE"
    >
      <span
        class="wave shrink"
      >
        ðŸŒŠ
      </span>
    </h2>
  </span>
  go!
  <span
    class="MuiTouchRipple-root css-8je8zh-MuiTouchRipple-root"
  >
    <span
      class="css-y4cjyz-MuiTouchRipple-ripple MuiTouchRipple-ripple MuiTouchRipple-rippleVisible"
      style="width: 114.49017425089369px; height: 114.49017425089369px; top: -32.245087125446844px; left: -7.245087125446844px;"
    >
      <span
        class="MuiTouchRipple-child"
      />
    </span>
    <span
      class="css-y4cjyz-MuiTouchRipple-ripple MuiTouchRipple-ripple MuiTouchRipple-rippleVisible MuiTouchRipple-ripplePulsate"
      style="width: 86.60254037844386px; height: 86.60254037844386px; top: -18.30127018922193px; left: 6.698729810778069px;"
    >
      <span
        class="MuiTouchRipple-child MuiTouchRipple-childLeaving MuiTouchRipple-childPulsate"
      />
    </span>
  </span>
</button>
`;
